Oleg@DESKTOP-VN6R89T MINGW64 ~
$ git --help
usage: git [--version] [--help] [-C <path>] [-c <name>=<value>]
           [--exec-path[=<path>]] [--html-path] [--man-path] [--info-path]
           [-p | --paginate | -P | --no-pager] [--no-replace-objects] [--bare]
           [--git-dir=<path>] [--work-tree=<path>] [--namespace=<name>]
           <command> [<args>]

These are common Git commands used in various situations:

start a working area (see also: git help tutorial)
   clone             Clone a repository into a new directory
   init              Create an empty Git repository or reinitialize an existing one

work on the current change (see also: git help everyday)
   add               Add file contents to the index
   mv                Move or rename a file, a directory, or a symlink
   restore           Restore working tree files
   rm                Remove files from the working tree and from the index
   sparse-checkout   Initialize and modify the sparse-checkout

examine the history and state (see also: git help revisions)
   bisect            Use binary search to find the commit that introduced a bug
   diff              Show changes between commits, commit and working tree, etc
   grep              Print lines matching a pattern
   log               Show commit logs
   show              Show various types of objects
   status            Show the working tree status

grow, mark and tweak your common history
   branch            List, create, or delete branches
   commit            Record changes to the repository
   merge             Join two or more development histories together
   rebase            Reapply commits on top of another base tip
   reset             Reset current HEAD to the specified state
   switch            Switch branches
   tag               Create, list, delete or verify a tag object signed with GPG

collaborate (see also: git help workflows)
   fetch             Download objects and refs from another repository
   pull              Fetch from and integrate with another repository or a local branch
   push              Update remote refs along with associated objects

'git help -a' and 'git help -g' list available subcommands and some
concept guides. See 'git help <command>' or 'git help <concept>'
to read about a specific subcommand or concept.
See 'git help git' for an overview of the system.

Oleg@DESKTOP-VN6R89T MINGW64 ~
$ git help init

Oleg@DESKTOP-VN6R89T MINGW64 ~
$ git config --global user.name "oubush"

Oleg@DESKTOP-VN6R89T MINGW64 ~
$ git config --global user.email "oleg.u.bushuev@gmail.com"

Oleg@DESKTOP-VN6R89T MINGW64 ~
$ git config --global core.editor "notepad"

Oleg@DESKTOP-VN6R89T MINGW64 ~
$ notepad test.txt

Oleg@DESKTOP-VN6R89T MINGW64 ~
$ git config --list
diff.astextplain.textconv=astextplain
filter.lfs.clean=git-lfs clean -- %f
filter.lfs.smudge=git-lfs smudge -- %f
filter.lfs.process=git-lfs filter-process
filter.lfs.required=true
http.sslbackend=openssl
http.sslcainfo=C:/Program Files/Git/mingw64/ssl/certs/ca-bundle.crt
core.autocrlf=true
core.fscache=true
core.symlinks=false
credential.helper=manager
filter.lfs.process=git-lfs filter-process
filter.lfs.required=true
filter.lfs.clean=git-lfs clean -- %f
filter.lfs.smudge=git-lfs smudge -- %f
user.name=oubush
user.email=oleg.u.bushuev@gmail.com
core.editor=notepad

Oleg@DESKTOP-VN6R89T MINGW64 ~
$ mkdir shop

Oleg@DESKTOP-VN6R89T MINGW64 ~
$ cd shop

Oleg@DESKTOP-VN6R89T MINGW64 ~/shop
$ git init
Initialized empty Git repository in C:/Users/Oleg/shop/.git/

Oleg@DESKTOP-VN6R89T MINGW64 ~/shop (master)
$ ls -A
.git/

Oleg@DESKTOP-VN6R89T MINGW64 ~/shop (master)
$ cd .git

Oleg@DESKTOP-VN6R89T MINGW64 ~/shop/.git (GIT_DIR!)
$ ls -A
config  description  HEAD  hooks/  info/  objects/  refs/

Oleg@DESKTOP-VN6R89T MINGW64 ~/shop/.git (GIT_DIR!)
$ cd ..

Oleg@DESKTOP-VN6R89T MINGW64 ~/shop (master)
$ touch lists.txt

Oleg@DESKTOP-VN6R89T MINGW64 ~/shop (master)
$ rm lists.txt

Oleg@DESKTOP-VN6R89T MINGW64 ~/shop (master)
$ touch list.txt

Oleg@DESKTOP-VN6R89T MINGW64 ~/shop (master)
$ ls -A
.git/  list.txt

Oleg@DESKTOP-VN6R89T MINGW64 ~/shop (master)
$ git status
On branch master

No commits yet

Untracked files:
  (use "git add <file>..." to include in what will be committed)
        list.txt

nothing added to commit but untracked files present (use "git add" to track)

Oleg@DESKTOP-VN6R89T MINGW64 ~/shop (master)
$ git add list.txt

Oleg@DESKTOP-VN6R89T MINGW64 ~/shop (master)
$ git status
On branch master

No commits yet

Changes to be committed:
  (use "git rm --cached <file>..." to unstage)
        new file:   list.txt


Oleg@DESKTOP-VN6R89T MINGW64 ~/shop (master)
$ git commit - m "Create shopping list"
error: pathspec '-' did not match any file(s) known to git
error: pathspec 'm' did not match any file(s) known to git
error: pathspec 'Create shopping list' did not match any file(s) known to git

Oleg@DESKTOP-VN6R89T MINGW64 ~/shop (master)
$ git commit -m "Create shopping list"
[master (root-commit) 8710ab2] Create shopping list
 1 file changed, 0 insertions(+), 0 deletions(-)
 create mode 100644 list.txt

Oleg@DESKTOP-VN6R89T MINGW64 ~/shop (master)
$ git status
On branch master
nothing to commit, working tree clean

Oleg@DESKTOP-VN6R89T MINGW64 ~/shop (master)
$ git log
commit 8710ab2594f94af3504acd0241f9c01ee97ceb84 (HEAD -> master)
Author: oubush <oleg.u.bushuev@gmail.com>
Date:   Wed Apr 1 17:35:20 2020 +0500

    Create shopping list

Oleg@DESKTOP-VN6R89T MINGW64 ~/shop (master)
$ notepad list.txt

Oleg@DESKTOP-VN6R89T MINGW64 ~/shop (master)
$ git status
On branch master
Changes not staged for commit:
  (use "git add <file>..." to update what will be committed)
  (use "git restore <file>..." to discard changes in working directory)
        modified:   list.txt

no changes added to commit (use "git add" and/or "git commit -a")

Oleg@DESKTOP-VN6R89T MINGW64 ~/shop (master)
$ git diff
diff --git a/list.txt b/list.txt
index e69de29..40a7371 100644
--- a/list.txt
+++ b/list.txt
@@ -0,0 +1,3 @@
+Bananas
+Oranges
+Apples
\ No newline at end of file

Oleg@DESKTOP-VN6R89T MINGW64 ~/shop (master)
$ git add list.txt

Oleg@DESKTOP-VN6R89T MINGW64 ~/shop (master)
$ git status
On branch master
Changes to be committed:
  (use "git restore --staged <file>..." to unstage)
        modified:   list.txt


Oleg@DESKTOP-VN6R89T MINGW64 ~/shop (master)
$ git commit -m "Add fruit"
[master 33e5e01] Add fruit
 1 file changed, 3 insertions(+)

Oleg@DESKTOP-VN6R89T MINGW64 ~/shop (master)
$ git log
commit 33e5e017b5c01af13c8eed91e7524cb7a6319a91 (HEAD -> master)
Author: oubush <oleg.u.bushuev@gmail.com>
Date:   Wed Apr 1 17:43:42 2020 +0500

    Add fruit

commit 8710ab2594f94af3504acd0241f9c01ee97ceb84
Author: oubush <oleg.u.bushuev@gmail.com>
Date:   Wed Apr 1 17:35:20 2020 +0500

    Create shopping list

Oleg@DESKTOP-VN6R89T MINGW64 ~/shop (master)
$ notepad list.txt

Oleg@DESKTOP-VN6R89T MINGW64 ~/shop (master)
$ git status
On branch master
Changes not staged for commit:
  (use "git add <file>..." to update what will be committed)
  (use "git restore <file>..." to discard changes in working directory)
        modified:   list.txt

no changes added to commit (use "git add" and/or "git commit -a")

Oleg@DESKTOP-VN6R89T MINGW64 ~/shop (master)
$ git diff
diff --git a/list.txt b/list.txt
index 40a7371..58519fb 100644
--- a/list.txt
+++ b/list.txt
@@ -1,3 +1,12 @@
+
+FRUIT
 Bananas
 Oranges
-Apples
\ No newline at end of file
+Apples
+
+MEAT
+
+
+DAIRY
+
+HOUSEHOLD
\ No newline at end of file

Oleg@DESKTOP-VN6R89T MINGW64 ~/shop (master)
$ git add list.txt

Oleg@DESKTOP-VN6R89T MINGW64 ~/shop (master)
$ git status
On branch master
Changes to be committed:
  (use "git restore --staged <file>..." to unstage)
        modified:   list.txt


Oleg@DESKTOP-VN6R89T MINGW64 ~/shop (master)
$ git commit -m "Restucture list: new headings"
[master 6c6c022] Restucture list: new headings
 1 file changed, 10 insertions(+), 1 deletion(-)

Oleg@DESKTOP-VN6R89T MINGW64 ~/shop (master)
$ git log
commit 6c6c0227396708b6be8c5228206b2a3107a94cbf (HEAD -> master)
Author: oubush <oleg.u.bushuev@gmail.com>
Date:   Wed Apr 1 17:50:29 2020 +0500

    Restucture list: new headings

commit 33e5e017b5c01af13c8eed91e7524cb7a6319a91
Author: oubush <oleg.u.bushuev@gmail.com>
Date:   Wed Apr 1 17:43:42 2020 +0500

    Add fruit

commit 8710ab2594f94af3504acd0241f9c01ee97ceb84
Author: oubush <oleg.u.bushuev@gmail.com>
Date:   Wed Apr 1 17:35:20 2020 +0500

    Create shopping list

Oleg@DESKTOP-VN6R89T MINGW64 ~/shop (master)
$ git log -1
commit 6c6c0227396708b6be8c5228206b2a3107a94cbf (HEAD -> master)
Author: oubush <oleg.u.bushuev@gmail.com>
Date:   Wed Apr 1 17:50:29 2020 +0500

    Restucture list: new headings

Oleg@DESKTOP-VN6R89T MINGW64 ~/shop (master)
$ notepad list.txt

Oleg@DESKTOP-VN6R89T MINGW64 ~/shop (master)
$ git add list.txt

Oleg@DESKTOP-VN6R89T MINGW64 ~/shop (master)
$ git status
On branch master
Changes to be committed:
  (use "git restore --staged <file>..." to unstage)
        modified:   list.txt


Oleg@DESKTOP-VN6R89T MINGW64 ~/shop (master)
$ git diff

Oleg@DESKTOP-VN6R89T MINGW64 ~/shop (master)
$ git diff --staged
diff --git a/list.txt b/list.txt
index 58519fb..042259a 100644
--- a/list.txt
+++ b/list.txt
@@ -5,8 +5,9 @@ Oranges
 Apples

 MEAT
-
+Sausages

 DAIRY

-HOUSEHOLD
\ No newline at end of file
+HOUSEHOLD
+

Oleg@DESKTOP-VN6R89T MINGW64 ~/shop (master)
$ git commit -m "Sausages added to MEAT section"
[master 72101c6] Sausages added to MEAT section
 1 file changed, 3 insertions(+), 2 deletions(-)

Oleg@DESKTOP-VN6R89T MINGW64 ~/shop (master)
$ git status
On branch master
nothing to commit, working tree clean

Oleg@DESKTOP-VN6R89T MINGW64 ~/shop (master)
$ git log
02 (HEAD -> master)





bf





91





84





Oleg@DESKTOP-VN6R89T MINGW64 ~/shop (master)
$ git log
commit 72101c695424bb5d0bccb080608206b9b58be302 (HEAD -> master)
Author: oubush <oleg.u.bushuev@gmail.com>
Date:   Wed Apr 1 17:56:57 2020 +0500

    Sausages added to MEAT section

commit 6c6c0227396708b6be8c5228206b2a3107a94cbf
Author: oubush <oleg.u.bushuev@gmail.com>
Date:   Wed Apr 1 17:50:29 2020 +0500

    Restucture list: new headings

commit 33e5e017b5c01af13c8eed91e7524cb7a6319a91
Author: oubush <oleg.u.bushuev@gmail.com>
Date:   Wed Apr 1 17:43:42 2020 +0500

    Add fruit

commit 8710ab2594f94af3504acd0241f9c01ee97ceb84
Author: oubush <oleg.u.bushuev@gmail.com>
Date:   Wed Apr 1 17:35:20 2020 +0500

    Create shopping list

Oleg@DESKTOP-VN6R89T MINGW64 ~/shop (master)
$ git diff 33e5e017b list.txt
diff --git a/list.txt b/list.txt
index 40a7371..042259a 100644
--- a/list.txt
+++ b/list.txt
@@ -1,3 +1,13 @@
+
+FRUIT
 Bananas
 Oranges
-Apples
\ No newline at end of file
+Apples
+
+MEAT
+Sausages
+
+DAIRY
+
+HOUSEHOLD
+

Oleg@DESKTOP-VN6R89T MINGW64 ~/shop (master)
$ git log
commit 72101c695424bb5d0bccb080608206b9b58be302 (HEAD -> master)
Author: oubush <oleg.u.bushuev@gmail.com>
Date:   Wed Apr 1 17:56:57 2020 +0500

    Sausages added to MEAT section

commit 6c6c0227396708b6be8c5228206b2a3107a94cbf
Author: oubush <oleg.u.bushuev@gmail.com>
Date:   Wed Apr 1 17:50:29 2020 +0500

    Restucture list: new headings

commit 33e5e017b5c01af13c8eed91e7524cb7a6319a91
Author: oubush <oleg.u.bushuev@gmail.com>
Date:   Wed Apr 1 17:43:42 2020 +0500

    Add fruit

commit 8710ab2594f94af3504acd0241f9c01ee97ceb84
Author: oubush <oleg.u.bushuev@gmail.com>
Date:   Wed Apr 1 17:35:20 2020 +0500

    Create shopping list

Oleg@DESKTOP-VN6R89T MINGW64 ~/shop (master)
$ notepad list.txt

Oleg@DESKTOP-VN6R89T MINGW64 ~/shop (master)
$ git log
commit 72101c695424bb5d0bccb080608206b9b58be302 (HEAD -> master)
Author: oubush <oleg.u.bushuev@gmail.com>
Date:   Wed Apr 1 17:56:57 2020 +0500

    Sausages added to MEAT section

commit 6c6c0227396708b6be8c5228206b2a3107a94cbf
Author: oubush <oleg.u.bushuev@gmail.com>
Date:   Wed Apr 1 17:50:29 2020 +0500

    Restucture list: new headings

commit 33e5e017b5c01af13c8eed91e7524cb7a6319a91
Author: oubush <oleg.u.bushuev@gmail.com>
Date:   Wed Apr 1 17:43:42 2020 +0500

    Add fruit

commit 8710ab2594f94af3504acd0241f9c01ee97ceb84
Author: oubush <oleg.u.bushuev@gmail.com>
Date:   Wed Apr 1 17:35:20 2020 +0500

    Create shopping list

Oleg@DESKTOP-VN6R89T MINGW64 ~/shop (master)
$ git checkout HEAD~3 list.txt
Updated 1 path from b50a881

Oleg@DESKTOP-VN6R89T MINGW64 ~/shop (master)
$ notepad list.txt

Oleg@DESKTOP-VN6R89T MINGW64 ~/shop (master)
$ git checkout HEAD~2 list.txt
Updated 1 path from 2e4faa9

Oleg@DESKTOP-VN6R89T MINGW64 ~/shop (master)
$ notepad list.txt

Oleg@DESKTOP-VN6R89T MINGW64 ~/shop (master)
$ git checkout HEAD~1 list.txt
Updated 1 path from 08bb4f1

Oleg@DESKTOP-VN6R89T MINGW64 ~/shop (master)
$ notepad list.txt

Oleg@DESKTOP-VN6R89T MINGW64 ~/shop (master)
$ git checkout HEAD list.txt
Updated 1 path from 21d825d

Oleg@DESKTOP-VN6R89T MINGW64 ~/shop (master)
$ notepad list.txt

Oleg@DESKTOP-VN6R89T MINGW64 ~/shop (master)
$ notepad list.txt

Oleg@DESKTOP-VN6R89T MINGW64 ~/shop (master)
$ git add list.txt

Oleg@DESKTOP-VN6R89T MINGW64 ~/shop (master)
$ git status
On branch master
Changes to be committed:
  (use "git restore --staged <file>..." to unstage)
        modified:   list.txt


Oleg@DESKTOP-VN6R89T MINGW64 ~/shop (master)
$ git log
commit 72101c695424bb5d0bccb080608206b9b58be302 (HEAD -> master)
Author: oubush <oleg.u.bushuev@gmail.com>
Date:   Wed Apr 1 17:56:57 2020 +0500

    Sausages added to MEAT section

commit 6c6c0227396708b6be8c5228206b2a3107a94cbf
Author: oubush <oleg.u.bushuev@gmail.com>
Date:   Wed Apr 1 17:50:29 2020 +0500

    Restucture list: new headings

commit 33e5e017b5c01af13c8eed91e7524cb7a6319a91
Author: oubush <oleg.u.bushuev@gmail.com>
Date:   Wed Apr 1 17:43:42 2020 +0500

    Add fruit

commit 8710ab2594f94af3504acd0241f9c01ee97ceb84
Author: oubush <oleg.u.bushuev@gmail.com>
Date:   Wed Apr 1 17:35:20 2020 +0500

    Create shopping list

Oleg@DESKTOP-VN6R89T MINGW64 ~/shop (master)
$ git diff

Oleg@DESKTOP-VN6R89T MINGW64 ~/shop (master)
$ git reset list.tt
fatal: ambiguous argument 'list.tt': unknown revision or path not in the working tree.
Use '--' to separate paths from revisions, like this:
'git <command> [<revision>...] -- [<file>...]'

Oleg@DESKTOP-VN6R89T MINGW64 ~/shop (master)
$ git reset list.t
fatal: ambiguous argument 'list.t': unknown revision or path not in the working tree.
Use '--' to separate paths from revisions, like this:
'git <command> [<revision>...] -- [<file>...]'

Oleg@DESKTOP-VN6R89T MINGW64 ~/shop (master)
$ git reset list.txt
Unstaged changes after reset:
M       list.txt

Oleg@DESKTOP-VN6R89T MINGW64 ~/shop (master)
$ git diff
diff --git a/list.txt b/list.txt
index 042259a..d6acd41 100644
--- a/list.txt
+++ b/list.txt
@@ -8,6 +8,9 @@ MEAT
 Sausages

 DAIRY
+Dog food
+Cat food
+Fish food

 HOUSEHOLD


Oleg@DESKTOP-VN6R89T MINGW64 ~/shop (master)
$ git add list.txt

Oleg@DESKTOP-VN6R89T MINGW64 ~/shop (master)
$ git commit -m "Add content to dairy"
[master c4a6b53] Add content to dairy
 1 file changed, 3 insertions(+)

Oleg@DESKTOP-VN6R89T MINGW64 ~/shop (master)
$ git log
commit c4a6b53d5bd15a8e3d50b856ab4101e766044997 (HEAD -> master)
Author: oubush <oleg.u.bushuev@gmail.com>
Author: oubush <oleg.u.bushuev@gmail.com>
Date:   Wed Apr 1 18:08:54 2020 +0500

    Add content to dairy

commit c4a6b53d5bd15a8e3d50b856ab4101e766044997 (HEAD -> master)
Author: oubush <oleg.u.bushuev@gmail.com>
Date:   Wed Apr 1 18:08:54 2020 +0500

    Add content to dairy

commit 72101c695424bb5d0bccb080608206b9b58be302
Author: oubush <oleg.u.bushuev@gmail.com>
Date:   Wed Apr 1 17:56:57 2020 +0500

    Sausages added to MEAT section

commit 6c6c0227396708b6be8c5228206b2a3107a94cbf
Author: oubush <oleg.u.bushuev@gmail.com>
Date:   Wed Apr 1 17:50:29 2020 +0500

    Restucture list: new headings

commit 33e5e017b5c01af13c8eed91e7524cb7a6319a91
Author: oubush <oleg.u.bushuev@gmail.com>
Date:   Wed Apr 1 17:43:42 2020 +0500

    Add fruit

commit 8710ab2594f94af3504acd0241f9c01ee97ceb84
Author: oubush <oleg.u.bushuev@gmail.com>
Date:   Wed Apr 1 17:35:20 2020 +0500

    Create shopping list
~
~
Oleg@DESKTOP-VN6R89T MINGW64 ~/shop (master)
$ git reset HEAD~1 --soft

Oleg@DESKTOP-VN6R89T MINGW64 ~/shop (master)
$ git log
commit 72101c695424bb5d0bccb080608206b9b58be302 (HEAD -> master)
Author: oubush <oleg.u.bushuev@gmail.com>
Date:   Wed Apr 1 17:56:57 2020 +0500

    Sausages added to MEAT section

commit 6c6c0227396708b6be8c5228206b2a3107a94cbf
Author: oubush <oleg.u.bushuev@gmail.com>
Date:   Wed Apr 1 17:50:29 2020 +0500

    Restucture list: new headings

commit 33e5e017b5c01af13c8eed91e7524cb7a6319a91
Author: oubush <oleg.u.bushuev@gmail.com>
Date:   Wed Apr 1 17:43:42 2020 +0500

    Add fruit

commit 8710ab2594f94af3504acd0241f9c01ee97ceb84
Author: oubush <oleg.u.bushuev@gmail.com>
Date:   Wed Apr 1 17:35:20 2020 +0500

    Create shopping list

Oleg@DESKTOP-VN6R89T MINGW64 ~/shop (master)
$ git diff --staged
diff --git a/list.txt b/list.txt
index 042259a..d6acd41 100644
--- a/list.txt
+++ b/list.txt
@@ -8,6 +8,9 @@ MEAT
 Sausages

 DAIRY
+Dog food
+Cat food
+Fish food

 HOUSEHOLD


Oleg@DESKTOP-VN6R89T MINGW64 ~/shop (master)
$ notepad list.txt

Oleg@DESKTOP-VN6R89T MINGW64 ~/shop (master)
$ git commit -m "Dairy section update"
[master ece298e] Dairy section update
 1 file changed, 3 insertions(+)

Oleg@DESKTOP-VN6R89T MINGW64 ~/shop (master)
$ git reset HEAD~1 --mixed
Unstaged changes after reset:
M       list.txt

Oleg@DESKTOP-VN6R89T MINGW64 ~/shop (master)
$ git status
On branch master
Changes not staged for commit:
  (use "git add <file>..." to update what will be committed)
  (use "git restore <file>..." to discard changes in working directory)
        modified:   list.txt

no changes added to commit (use "git add" and/or "git commit -a")

Oleg@DESKTOP-VN6R89T MINGW64 ~/shop (master)
$ notepad list.txt

Oleg@DESKTOP-VN6R89T MINGW64 ~/shop (master)
$ git add list.txt

Oleg@DESKTOP-VN6R89T MINGW64 ~/shop (master)
$ git commit -m "Dairy section update"
[master 5b241a5] Dairy section update
 1 file changed, 3 insertions(+)

Oleg@DESKTOP-VN6R89T MINGW64 ~/shop (master)
$ git log
commit 5b241a55f152df56ef5256b8db7c90af0bab5afe (HEAD -> master)
Author: oubush <oleg.u.bushuev@gmail.com>
Date:   Wed Apr 1 18:13:15 2020 +0500

    Dairy section update

commit 72101c695424bb5d0bccb080608206b9b58be302
Author: oubush <oleg.u.bushuev@gmail.com>
Date:   Wed Apr 1 17:56:57 2020 +0500

    Sausages added to MEAT section

commit 6c6c0227396708b6be8c5228206b2a3107a94cbf
Author: oubush <oleg.u.bushuev@gmail.com>
Date:   Wed Apr 1 17:50:29 2020 +0500

    Restucture list: new headings

commit 33e5e017b5c01af13c8eed91e7524cb7a6319a91
Author: oubush <oleg.u.bushuev@gmail.com>
Date:   Wed Apr 1 17:43:42 2020 +0500

    Add fruit

commit 8710ab2594f94af3504acd0241f9c01ee97ceb84
Author: oubush <oleg.u.bushuev@gmail.com>
Date:   Wed Apr 1 17:35:20 2020 +0500

    Create shopping list

Oleg@DESKTOP-VN6R89T MINGW64 ~/shop (master)
$ git reset HEAD~1 --hard
HEAD is now at 72101c6 Sausages added to MEAT section

Oleg@DESKTOP-VN6R89T MINGW64 ~/shop (master)
$ git log
commit 72101c695424bb5d0bccb080608206b9b58be302 (HEAD -> master)
Author: oubush <oleg.u.bushuev@gmail.com>
Date:   Wed Apr 1 17:56:57 2020 +0500

    Sausages added to MEAT section

commit 6c6c0227396708b6be8c5228206b2a3107a94cbf
Author: oubush <oleg.u.bushuev@gmail.com>
Date:   Wed Apr 1 17:50:29 2020 +0500

    Restucture list: new headings

commit 33e5e017b5c01af13c8eed91e7524cb7a6319a91
Author: oubush <oleg.u.bushuev@gmail.com>
Date:   Wed Apr 1 17:43:42 2020 +0500

    Add fruit

commit 8710ab2594f94af3504acd0241f9c01ee97ceb84
Author: oubush <oleg.u.bushuev@gmail.com>
Date:   Wed Apr 1 17:35:20 2020 +0500

    Create shopping list

Oleg@DESKTOP-VN6R89T MINGW64 ~/shop (master)
$ notepad list.txt

Oleg@DESKTOP-VN6R89T MINGW64 ~/shop (master)
$ git branch dairy

Oleg@DESKTOP-VN6R89T MINGW64 ~/shop (master)
$ git branch
  dairy
* master

Oleg@DESKTOP-VN6R89T MINGW64 ~/shop (master)
$ git branch meat

Oleg@DESKTOP-VN6R89T MINGW64 ~/shop (master)
$ git branch
  dairy
* master
  meat

Oleg@DESKTOP-VN6R89T MINGW64 ~/shop (master)
$ git checkout dairy
Switched to branch 'dairy'

Oleg@DESKTOP-VN6R89T MINGW64 ~/shop (dairy)
$ notepad list.txt

Oleg@DESKTOP-VN6R89T MINGW64 ~/shop (dairy)
$ git add list.txt

Oleg@DESKTOP-VN6R89T MINGW64 ~/shop (dairy)
$ git log
commit 72101c695424bb5d0bccb080608206b9b58be302 (HEAD -> dairy, meat, master)
Author: oubush <oleg.u.bushuev@gmail.com>
Date:   Wed Apr 1 17:56:57 2020 +0500

    Sausages added to MEAT section

commit 6c6c0227396708b6be8c5228206b2a3107a94cbf
Author: oubush <oleg.u.bushuev@gmail.com>
Date:   Wed Apr 1 17:50:29 2020 +0500

    Restucture list: new headings

commit 33e5e017b5c01af13c8eed91e7524cb7a6319a91
Author: oubush <oleg.u.bushuev@gmail.com>
Date:   Wed Apr 1 17:43:42 2020 +0500

    Add fruit

commit 8710ab2594f94af3504acd0241f9c01ee97ceb84
Author: oubush <oleg.u.bushuev@gmail.com>
Date:   Wed Apr 1 17:35:20 2020 +0500

    Create shopping list

Oleg@DESKTOP-VN6R89T MINGW64 ~/shop (dairy)
$ git checkout master
Switched to branch 'master'
M       list.txt

Oleg@DESKTOP-VN6R89T MINGW64 ~/shop (master)
$ notepad list.txt

Oleg@DESKTOP-VN6R89T MINGW64 ~/shop (master)
$ git log
commit 72101c695424bb5d0bccb080608206b9b58be302 (HEAD -> master, meat, dairy)
Author: oubush <oleg.u.bushuev@gmail.com>
Date:   Wed Apr 1 17:56:57 2020 +0500

    Sausages added to MEAT section

commit 6c6c0227396708b6be8c5228206b2a3107a94cbf
Author: oubush <oleg.u.bushuev@gmail.com>
Date:   Wed Apr 1 17:50:29 2020 +0500

    Restucture list: new headings

commit 33e5e017b5c01af13c8eed91e7524cb7a6319a91
Author: oubush <oleg.u.bushuev@gmail.com>
Date:   Wed Apr 1 17:43:42 2020 +0500

    Add fruit

commit 8710ab2594f94af3504acd0241f9c01ee97ceb84
Author: oubush <oleg.u.bushuev@gmail.com>
Date:   Wed Apr 1 17:35:20 2020 +0500

    Create shopping list

Oleg@DESKTOP-VN6R89T MINGW64 ~/shop (master)
$ git checkout dairy
Switched to branch 'dairy'
M       list.txt

Oleg@DESKTOP-VN6R89T MINGW64 ~/shop (dairy)
$ git log
commit 72101c695424bb5d0bccb080608206b9b58be302 (HEAD -> dairy, meat, master)
Author: oubush <oleg.u.bushuev@gmail.com>
Date:   Wed Apr 1 17:56:57 2020 +0500

    Sausages added to MEAT section

commit 6c6c0227396708b6be8c5228206b2a3107a94cbf
Author: oubush <oleg.u.bushuev@gmail.com>
Date:   Wed Apr 1 17:50:29 2020 +0500

    Restucture list: new headings

commit 33e5e017b5c01af13c8eed91e7524cb7a6319a91
Author: oubush <oleg.u.bushuev@gmail.com>
Date:   Wed Apr 1 17:43:42 2020 +0500

    Add fruit

commit 8710ab2594f94af3504acd0241f9c01ee97ceb84
Author: oubush <oleg.u.bushuev@gmail.com>
Date:   Wed Apr 1 17:35:20 2020 +0500

    Create shopping list

Oleg@DESKTOP-VN6R89T MINGW64 ~/shop (dairy)
$ notepad list.txt

Oleg@DESKTOP-VN6R89T MINGW64 ~/shop (dairy)
$ git checkout meat
Switched to branch 'meat'
M       list.txt

Oleg@DESKTOP-VN6R89T MINGW64 ~/shop (meat)
$ notepad list.txt

Oleg@DESKTOP-VN6R89T MINGW64 ~/shop (meat)
$ git checkout dairy
Switched to branch 'dairy'
M       list.txt

Oleg@DESKTOP-VN6R89T MINGW64 ~/shop (dairy)
$ git commit -m "update dairy"
[dairy 74bf4dd] update dairy
 1 file changed, 4 insertions(+)

Oleg@DESKTOP-VN6R89T MINGW64 ~/shop (dairy)
$ git log
commit 74bf4dd4515ed131a9cac2ab27bebb7d485cf6ee (HEAD -> dairy)
Author: oubush <oleg.u.bushuev@gmail.com>
Date:   Wed Apr 1 18:31:24 2020 +0500

    update dairy

commit 72101c695424bb5d0bccb080608206b9b58be302 (meat, master)
Author: oubush <oleg.u.bushuev@gmail.com>
Date:   Wed Apr 1 17:56:57 2020 +0500

    Sausages added to MEAT section

commit 6c6c0227396708b6be8c5228206b2a3107a94cbf
Author: oubush <oleg.u.bushuev@gmail.com>
Date:   Wed Apr 1 17:50:29 2020 +0500

    Restucture list: new headings

commit 33e5e017b5c01af13c8eed91e7524cb7a6319a91
Author: oubush <oleg.u.bushuev@gmail.com>
Date:   Wed Apr 1 17:43:42 2020 +0500

    Add fruit

commit 8710ab2594f94af3504acd0241f9c01ee97ceb84
Author: oubush <oleg.u.bushuev@gmail.com>
Date:   Wed Apr 1 17:35:20 2020 +0500

    Create shopping list

Oleg@DESKTOP-VN6R89T MINGW64 ~/shop (dairy)
$ git checkout master
Switched to branch 'master'

Oleg@DESKTOP-VN6R89T MINGW64 ~/shop (master)
$ notepad list.txt

Oleg@DESKTOP-VN6R89T MINGW64 ~/shop (master)
$ git checkout meat
Switched to branch 'meat'

Oleg@DESKTOP-VN6R89T MINGW64 ~/shop (meat)
$ notepad list.txt

Oleg@DESKTOP-VN6R89T MINGW64 ~/shop (meat)
$ git add list.txt

Oleg@DESKTOP-VN6R89T MINGW64 ~/shop (meat)
$ git commit -m "further development of meat"
[meat 9f24348] further development of meat
 1 file changed, 3 insertions(+)

Oleg@DESKTOP-VN6R89T MINGW64 ~/shop (meat)
$ git checkout master
Switched to branch 'master'

Oleg@DESKTOP-VN6R89T MINGW64 ~/shop (master)
$ notepad list.txt

Oleg@DESKTOP-VN6R89T MINGW64 ~/shop (master)
$ git checkout dairy
Switched to branch 'dairy'

Oleg@DESKTOP-VN6R89T MINGW64 ~/shop (dairy)
$ notepad list.txt

Oleg@DESKTOP-VN6R89T MINGW64 ~/shop (dairy)
$ git checkout meat
Switched to branch 'meat'

Oleg@DESKTOP-VN6R89T MINGW64 ~/shop (meat)
$ notepad list.txt

Oleg@DESKTOP-VN6R89T MINGW64 ~/shop (meat)
$ git checkout master
Switched to branch 'master'

Oleg@DESKTOP-VN6R89T MINGW64 ~/shop (master)
$ git merge meat
Updating 72101c6..9f24348
Fast-forward
 list.txt | 3 +++
 1 file changed, 3 insertions(+)

Oleg@DESKTOP-VN6R89T MINGW64 ~/shop (master)
$ notepad list.txt

Oleg@DESKTOP-VN6R89T MINGW64 ~/shop (master)
$ git merge dairy
Auto-merging list.txt
hint: Waiting for your editor to close the file... unix2dos: converting file C:/Users/Oleg/shop/.git/MERGE_MSG to DOS format...
dos2unix: converting file C:/Users/Oleg/shop/.git/MERGE_MSG to Unix format...
Merge made by the 'recursive' strategy.
 list.txt | 4 ++++
 1 file changed, 4 insertions(+)

Oleg@DESKTOP-VN6R89T MINGW64 ~/shop (master)
$ notepad list.txt

Oleg@DESKTOP-VN6R89T MINGW64 ~/shop (master)
$ git help remote

Oleg@DESKTOP-VN6R89T MINGW64 ~/shop (master)
$ git remote add origin https://github.com/oubush/git_practice.git

Oleg@DESKTOP-VN6R89T MINGW64 ~/shop (master)
$ git remote -v
origin  https://github.com/oubush/git_practice.git (fetch)
origin  https://github.com/oubush/git_practice.git (push)

Oleg@DESKTOP-VN6R89T MINGW64 ~/shop (master)
$ git push origin master
Enumerating objects: 21, done.
Counting objects: 100% (21/21), done.
Delta compression using up to 6 threads
Compressing objects: 100% (12/12), done.
Writing objects: 100% (21/21), 1.71 KiB | 583.00 KiB/s, done.
Total 21 (delta 3), reused 0 (delta 0), pack-reused 0
remote: Resolving deltas: 100% (3/3), done.
To https://github.com/oubush/git_practice.git
 * [new branch]      master -> master

Oleg@DESKTOP-VN6R89T MINGW64 ~/shop (master)
$ pwd
/c/Users/Oleg/shop

Oleg@DESKTOP-VN6R89T MINGW64 ~/shop (master)
$ cd ..

Oleg@DESKTOP-VN6R89T MINGW64 ~
$ mkdir imaging_data

Oleg@DESKTOP-VN6R89T MINGW64 ~
$ cd imaging_data/

Oleg@DESKTOP-VN6R89T MINGW64 ~/imaging_data
$ git clone https://github.com/sfikas/medical-imaging-datasets
Cloning into 'medical-imaging-datasets'...
remote: Enumerating objects: 13, done.
remote: Counting objects: 100% (13/13), done.
remote: Compressing objects: 100% (8/8), done.
remote: Total 56 (delta 3), reused 5 (delta 1), pack-reused 43
Receiving objects: 100% (56/56), 16.87 KiB | 785.00 KiB/s, done.
Resolving deltas: 100% (15/15), done.

Oleg@DESKTOP-VN6R89T MINGW64 ~/imaging_data
$
